// Jest Snapshot v1, https://goo.gl/fbAQLP

exports[`<Carousel /> renders with no a11y violations 1`] = `
.c3 {
  background-color: transparent;
  font-size: inherit;
  font-family: "Open Sans",Roboto,Helvetica,Arial,sans-serif;
  font-weight: 600;
  line-height: inherit;
  color: #3B46C4;
  cursor: pointer;
  -webkit-text-decoration: underline;
  text-decoration: underline;
  -webkit-user-select: auto;
  -moz-user-select: auto;
  -ms-user-select: auto;
  user-select: auto;
  -webkit-appearance: none;
  -moz-appearance: none;
  appearance: none;
  padding: 0;
  border: none;
  font-family: "Open Sans",Roboto,Helvetica,Arial,sans-serif;
  font-weight: 600;
  color: auto;
}

.c3:hover,
.c3:active {
  color: #21247F;
}

.c3:hover svg path,
.c3:active svg path {
  fill: #21247F;
}

.c3:hover {
  color: auto;
}

.c3:hover svg path {
  fill: auto;
}

.c3:active {
  color: auto;
}

.c3:active svg path {
  fill: auto;
}

.c2 {
  position: relative;
  width: 100%;
  min-height: 1px;
  padding-right: 12px;
  padding-left: 12px;
  -webkit-align-self: center;
  -ms-flex-item-align: center;
  align-self: center;
}

.c4 {
  position: relative;
  width: 100%;
  min-height: 1px;
  padding-right: 12px;
  padding-left: 12px;
  -webkit-align-self: center;
  -ms-flex-item-align: center;
  align-self: center;
}

.c0 {
  width: 100%;
  max-width: 100%;
  padding-right: 0px;
  padding-left: 0px;
  margin-left: auto;
  margin-right: auto;
}

.c1 {
  display: -webkit-box;
  display: -webkit-flex;
  display: -ms-flexbox;
  display: flex;
  -webkit-flex-wrap: wrap;
  -ms-flex-wrap: wrap;
  flex-wrap: wrap;
  -webkit-flex-direction: row;
  -ms-flex-direction: row;
  flex-direction: row;
  margin-right: -12px;
  margin-left: -12px;
  -webkit-box-pack: start;
  -webkit-justify-content: flex-start;
  -ms-flex-pack: start;
  justify-content: flex-start;
  -webkit-align-items: flex-start;
  -webkit-box-align: flex-start;
  -ms-flex-align: flex-start;
  align-items: flex-start;
}

.c5 {
  display: -webkit-box;
  display: -webkit-flex;
  display: -ms-flexbox;
  display: flex;
  -webkit-flex-wrap: wrap;
  -ms-flex-wrap: wrap;
  flex-wrap: wrap;
  -webkit-flex-direction: row;
  -ms-flex-direction: row;
  flex-direction: row;
  margin-right: -12px;
  margin-left: -12px;
  -webkit-box-pack: space-around;
  -webkit-justify-content: space-around;
  -ms-flex-pack: space-around;
  justify-content: space-around;
  -webkit-align-items: flex-start;
  -webkit-box-align: flex-start;
  -ms-flex-align: flex-start;
  align-items: flex-start;
}

@media (min-width:0px) {
  .c2 {
    display: block;
    -webkit-flex: 0 0 8.333333333333332%;
    -ms-flex: 0 0 8.333333333333332%;
    flex: 0 0 8.333333333333332%;
    max-width: 8.333333333333332%;
  }
}

@media (min-width:576px) {
  .c2 {
    display: block;
    -webkit-flex: 0 0 8.333333333333332%;
    -ms-flex: 0 0 8.333333333333332%;
    flex: 0 0 8.333333333333332%;
    max-width: 8.333333333333332%;
  }
}

@media (min-width:768px) {
  .c2 {
    display: none;
  }
}

@media (min-width:0px) {
  .c4 {
    display: block;
    -webkit-flex: 0 0 83.33333333333334%;
    -ms-flex: 0 0 83.33333333333334%;
    flex: 0 0 83.33333333333334%;
    max-width: 83.33333333333334%;
  }
}

@media (min-width:576px) {
  .c4 {
    display: block;
    -webkit-flex: 0 0 83.33333333333334%;
    -ms-flex: 0 0 83.33333333333334%;
    flex: 0 0 83.33333333333334%;
    max-width: 83.33333333333334%;
  }
}

@media (min-width:768px) {
  .c4 {
    display: block;
    -webkit-flex: 0 0 100%;
    -ms-flex: 0 0 100%;
    flex: 0 0 100%;
    max-width: 100%;
  }
}

@media (min-width:576px) {
  .c0 {
    max-width: 540px;
  }
}

@media (min-width:768px) {
  .c0 {
    max-width: 720px;
  }
}

@media (min-width:992px) {
  .c0 {
    max-width: 960px;
  }
}

@media (min-width:1300px) {
  .c0 {
    max-width: 1224px;
  }
}

<div>
  <div
    class="c0"
  >
    <div
      class="c1"
      cols="12"
      direction="row"
    >
      <div
        class="c2"
        cols="12"
        style="text-align: right;"
      >
        <a
          class="c3"
          color="#3B46C4"
          title="previous"
        >
          <svg
            aria-hidden="true"
            class="svg-inline--fa fa-chevron-left fa-w-10 "
            color="#818F9B"
            data-icon="chevron-left"
            data-prefix="fas"
            focusable="false"
            role="img"
            viewBox="0 0 320 512"
            xmlns="http://www.w3.org/2000/svg"
          >
            <path
              d="M34.52 239.03L228.87 44.69c9.37-9.37 24.57-9.37 33.94 0l22.67 22.67c9.36 9.36 9.37 24.52.04 33.9L131.49 256l154.02 154.75c9.34 9.38 9.32 24.54-.04 33.9l-22.67 22.67c-9.37 9.37-24.57 9.37-33.94 0L34.52 272.97c-9.37-9.37-9.37-24.57 0-33.94z"
              fill="currentColor"
            />
          </svg>
        </a>
      </div>
      <div
        class="c4"
        cols="12"
      >
        <div
          class="c0"
        >
          <div
            class="c5"
            cols="3"
            direction="row"
          >
            <div
              data-automation="0"
            >
              INACTIVE
            </div>
            <div
              data-automation="1"
            >
              ACTIVE
            </div>
            <div
              data-automation="2"
            >
              INACTIVE
            </div>
          </div>
        </div>
      </div>
      <div
        class="c2"
        cols="12"
      >
        <a
          class="c3"
          color="#3B46C4"
          title="next"
        >
          <svg
            aria-hidden="true"
            class="svg-inline--fa fa-chevron-right fa-w-10 "
            color="#818F9B"
            data-icon="chevron-right"
            data-prefix="fas"
            focusable="false"
            role="img"
            viewBox="0 0 320 512"
            xmlns="http://www.w3.org/2000/svg"
          >
            <path
              d="M285.476 272.971L91.132 467.314c-9.373 9.373-24.569 9.373-33.941 0l-22.667-22.667c-9.357-9.357-9.375-24.522-.04-33.901L188.505 256 34.484 101.255c-9.335-9.379-9.317-24.544.04-33.901l22.667-22.667c9.373-9.373 24.569-9.373 33.941 0L285.475 239.03c9.373 9.372 9.373 24.568.001 33.941z"
              fill="currentColor"
            />
          </svg>
        </a>
      </div>
    </div>
  </div>
</div>
`;
