// Jest Snapshot v1, https://goo.gl/fbAQLP

exports[`<TrustpilotLogo /> renders without a11y violations 1`] = `
<div>
  <svg
    aria-labelledby="trustpilot-logo-title trustpilot-logo-desc"
    height="16px"
    viewBox="0 0 212 53"
    xmlns="http://www.w3.org/2000/svg"
  >
    <title
      id="trustpilot-logo-title"
    >
      Trustpilot Logo
    </title>
    <desc
      id="trustpilot-logo-desc"
    >
      An illustration of the Trustpilot Logo
    </desc>
    <path
      d="M55.7 18.7h21.5v4.1h-8.4v22.9h-4.6V22.8h-8.4zm20.5 7.5h4V30h.1c.1-.6.4-1.1.7-1.5l1.3-1.4c.5-.4 1.1-.8 1.7-1s1.2-.4 1.9-.4h1l.6.1v4.1l-.9-.1-.9-.1c-.7 0-1.4.2-2 .4s-1.2.7-1.6 1.3c-.5.6-.8 1.3-1.1 2.1s-.4 1.8-.4 2.9v9.3h-4.2zm30.7 19.4h-4.2v-2.7h-.1c-.5 1-1.3 1.8-2.3 2.4s-2.1.9-3.1.9c-2.5 0-4.4-.6-5.5-1.9S90 41.1 90 38.5V26.2h4.2v11.9c0 1.7.3 2.9 1 3.6.6.7 1.6 1.1 2.7 1.1.9 0 1.6-.1 2.2-.4s1.1-.6 1.4-1.1c.4-.5.6-1 .8-1.7.2-.6.2-1.3.2-2.1V26.2h4.2v19.4zm7.2-6.2c.1 1.3.6 2.1 1.4 2.6s1.8.8 2.9.8l1.3-.1 1.4-.4c.4-.2.8-.4 1.1-.8.3-.3.4-.8.4-1.3s-.2-1-.6-1.3c-.4-.4-.8-.6-1.4-.9l-2-.6-2.3-.5-2.3-.6c-.7-.2-1.4-.6-2-1s-1.1-1-1.4-1.6c-.4-.7-.5-1.5-.5-2.5 0-1.1.3-1.9.8-2.7.5-.7 1.2-1.3 1.9-1.7a12.4 12.4 0 018.1-.9c.9.2 1.7.6 2.4 1a6.2 6.2 0 012.7 4.7h-4c-.2-1-.7-1.7-1.4-2.1s-1.6-.5-2.5-.5l-1.1.1-1.2.3c-.3.1-.7.3-.9.6s-.4.6-.4 1c0 .5.2 1 .5 1.3.4.3.8.6 1.4.8l2 .5 2.3.5 2.3.6c.7.2 1.4.6 2 1s1 1 1.4 1.6.5 1.5.5 2.4c0 1.2-.3 2.1-.8 2.9s-1.2 1.5-2 2c-.9.5-1.8.9-2.8 1.1a15.3 15.3 0 01-6.4-.1c-1-.3-1.9-.7-2.7-1.3-.7-.6-1.4-1.3-1.8-2.1s-.7-1.8-.7-3zm14-13.2h3.2v-5.9h4.2v5.9h3.8v3.2h-3.8v10.4l.1 1.2c0 .3.1.6.3.8.1.2.3.4.6.5l1.1.2h.9l.9-.1v3.3l-1.4.2-1.4.1c-1.1 0-2-.1-2.7-.3s-1.2-.5-1.6-1c-.4-.4-.6-.9-.8-1.6a15 15 0 01-.2-2.1V29.4h-3.2zm14.2 0h4v2.6h.1c.6-1.1 1.4-1.9 2.5-2.4s2.2-.7 3.5-.7c1.5 0 2.8.3 3.9.8s2.1 1.3 2.8 2.2c.7 1 1.3 2.1 1.7 3.3a13.4 13.4 0 01.1 7.8c-.3 1.2-.8 2.3-1.5 3.3s-1.5 1.7-2.6 2.3-2.3.9-3.7.9l-1.9-.2-1.8-.6c-.6-.2-1.1-.6-1.6-1s-.9-.9-1.2-1.4h-.1v9.7h-4.2zm14.8 9.7c0-.9-.1-1.7-.3-2.6-.2-.8-.5-1.5-1-2.2-.4-.6-1-1.2-1.7-1.5-.7-.4-1.5-.6-2.3-.6-1.8 0-3.1.6-4 1.9s-1.3 2.9-1.3 5c0 1 .1 1.9.4 2.7s.6 1.6 1.1 2.2a4 4 0 001.7 1.4c.7.4 1.4.5 2.3.5 1 0 1.8-.2 2.5-.6s1.2-.9 1.6-1.6c.4-.6.7-1.4.9-2.2l.1-2.4zm7.5-17.2h4.2v4.1h-4.2zm0 7.5h4.2v19.5h-4.2V26.2zm8-7.5h4.2v26.9h-4.2zm17.2 27.5c-1.5 0-2.9-.3-4.1-.8s-2.2-1.2-3.1-2.1c-.8-.9-1.5-2-1.9-3.2-.4-1.3-.7-2.6-.7-4.1a11 11 0 012.6-7.3c.8-.9 1.9-1.6 3.1-2.1s2.6-.8 4.1-.8 2.9.3 4.1.8 2.2 1.2 3.1 2.1c.8.9 1.5 2 1.9 3.2.4 1.3.7 2.6.7 4.1s-.2 2.9-.7 4.1a8.5 8.5 0 01-5 5.3c-1.2.5-2.6.8-4.1.8zm0-3.4c.9 0 1.8-.2 2.4-.6.7-.4 1.3-.9 1.7-1.6.4-.6.8-1.4 1-2.2a10.7 10.7 0 000-5 6.2 6.2 0 00-2.7-3.8c-.7-.4-1.5-.6-2.5-.6-.9 0-1.8.2-2.5.6s-1.3.9-1.7 1.6c-.4.6-.8 1.4-1 2.2a10 10 0 000 5c.2.8.5 1.6 1 2.2.4.6 1 1.2 1.7 1.6.8.4 1.7.6 2.6.6zm10.9-16.6h3.2v-5.9h4.2v5.9h3.8v3.2h-3.8v10.4l.1 1.2c0 .3.1.6.3.8.1.2.3.4.6.5l1.1.2h.9l.9-.1v3.3l-1.4.2-1.4.1c-1.1 0-2-.1-2.7-.3s-1.2-.5-1.6-1c-.4-.4-.6-.9-.8-1.6a15 15 0 01-.2-2.1V29.4h-3.2z"
    />
    <path
      d="M50.8 18.7H31.4L25.4 0l-6 18.7H0l15.7 11.6-6 18.7 15.7-11.6L41.1 49l-6-18.7z"
      fill="#00B679"
    />
    <path
      d="M36.4 34.5l-1.3-4.2-9.7 7.1z"
      fill="#02917c"
    />
  </svg>
</div>
`;
