// Jest Snapshot v1, https://goo.gl/fbAQLP

exports[`<TabButton /> renders the component with no a11y violations 1`] = `
.c0 {
  outline: 0;
  cursor: pointer;
  -webkit-align-items: center;
  -webkit-box-align: center;
  -ms-flex-align: center;
  align-items: center;
  display: -webkit-inline-box;
  display: -webkit-inline-flex;
  display: -ms-inline-flexbox;
  display: inline-flex;
  -webkit-text-decoration: none;
  text-decoration: none;
  box-sizing: border-box;
  -webkit-box-pack: center;
  -webkit-justify-content: center;
  -ms-flex-pack: center;
  justify-content: center;
  padding: 12px 24px;
  background: transparent;
  border-radius: 8px;
  border: 1px solid transparent;
  font-family: "Open Sans",Roboto,Helvetica,Arial,sans-serif;
  color: #21247F;
  font-size: 16px;
  font-weight: 600;
  line-height: 24px;
  -webkit-letter-spacing: 0;
  -moz-letter-spacing: 0;
  -ms-letter-spacing: 0;
  letter-spacing: 0;
}

.c0:focus:not(:active) {
  border: 1px solid #FFFFFF;
  box-shadow: 0 0 4px #3B46C4;
}

.c0:active {
  opacity: 0.8;
  box-shadow: unset;
  border: 1px solid transparent;
}

.c0:hover {
  background: #EAEBFA;
}

.c1 {
  box-shadow: inset 0 12px #F7F7F7,inset 0 -12px #F7F7F7,inset 1px 0 #D4D7D9;
  -webkit-box-flex: 1;
  -webkit-flex-grow: 1;
  -ms-flex-positive: 1;
  flex-grow: 1;
  width: 100%;
}

.c1:first-child {
  box-shadow: none;
}

.c1:hover,
.c1:focus {
  box-shadow: none;
}

.c1:hover + button,
.c1:focus + button {
  box-shadow: none;
}

<div>
  <button
    aria-controls="pineapple-content"
    aria-expanded="false"
    class="c0 c1"
    id="pineapple"
    styling="link"
    theme="[object Object]"
  >
    üçç Pineapple
  </button>
</div>
`;
