// Jest Snapshot v1, https://goo.gl/fbAQLP

exports[`<BankDetails /> renders the component with no props and no a11y violations 1`] = `
.c2 {
  position: relative;
  width: 100%;
  min-height: 1px;
  padding-right: 12px;
  padding-left: 12px;
  -webkit-align-self: auto;
  -ms-flex-item-align: auto;
  align-self: auto;
}

.c3 {
  position: relative;
  width: 100%;
  min-height: 1px;
  padding-right: 12px;
  padding-left: 12px;
  -webkit-align-self: auto;
  -ms-flex-item-align: auto;
  align-self: auto;
}

.c1 {
  display: -webkit-box;
  display: -webkit-flex;
  display: -ms-flexbox;
  display: flex;
  -webkit-flex-wrap: wrap;
  -ms-flex-wrap: wrap;
  flex-wrap: wrap;
  -webkit-flex-direction: row;
  -ms-flex-direction: row;
  flex-direction: row;
  margin-right: -12px;
  margin-left: -12px;
  -webkit-box-pack: justify;
  -webkit-justify-content: space-between;
  -ms-flex-pack: justify;
  justify-content: space-between;
  -webkit-align-items: center;
  -webkit-box-align: center;
  -ms-flex-align: center;
  align-items: center;
}

.c4 {
  outline: 0;
  cursor: pointer;
  -webkit-align-items: center;
  -webkit-box-align: center;
  -ms-flex-align: center;
  align-items: center;
  display: -webkit-inline-box;
  display: -webkit-inline-flex;
  display: -ms-inline-flexbox;
  display: inline-flex;
  -webkit-text-decoration: none;
  text-decoration: none;
  box-sizing: border-box;
  -webkit-box-pack: center;
  -webkit-justify-content: center;
  -ms-flex-pack: center;
  justify-content: center;
  padding: 12px 24px;
  background: transparent;
  border-radius: 8px;
  border: 1px solid transparent;
  font-family: "Open Sans",Roboto,Helvetica,Arial,sans-serif;
  color: #21247F;
  font-size: 16px;
  font-weight: 600;
  line-height: 24px;
  -webkit-letter-spacing: 0;
  -moz-letter-spacing: 0;
  -ms-letter-spacing: 0;
  letter-spacing: 0;
}

.c4:focus:not(:active) {
  border: 1px solid #FFFFFF;
  box-shadow: 0 0 4px #3B46C4;
}

.c4:active {
  opacity: 0.8;
  box-shadow: unset;
  border: 1px solid transparent;
}

.c4:hover {
  background: #EAEBFA;
}

.c0 {
  border: 1px solid #EFEFEF;
}

.c0:first-of-type {
  border-top-left-radius: 8px;
  border-top-right-radius: 8px;
}

.c0:last-of-type {
  border-bottom-left-radius: 8px;
  border-bottom-right-radius: 8px;
  box-shadow: 0 1px 0 0 #D4D7D9;
}

.c5 {
  cursor: pointer;
  padding: 8px;
}

.c5:hover,
.c5:focus {
  background: transparent;
  color: #21247F;
}

@media (min-width:0px) {
  .c2 {
    display: block;
    -webkit-flex-basis: 0;
    -ms-flex-preferred-size: 0;
    flex-basis: 0;
    -webkit-box-flex: 1;
    -webkit-flex-grow: 1;
    -ms-flex-positive: 1;
    flex-grow: 1;
    max-width: 100%;
  }
}

@media (min-width:0px) {
  .c3 {
    display: block;
    -webkit-flex: 0 0 auto;
    -ms-flex: 0 0 auto;
    flex: 0 0 auto;
    width: auto;
    max-width: none;
  }
}

<div>
  <div
    class="c0 pl-4 pr-2 py-5 mb-4"
  >
    <div
      class="c1"
      cols="12"
      direction="row"
    >
      <div
        class="c2"
        cols="12"
      >
        12-34
      </div>
      <div
        class="c3"
        cols="12"
      >
        <button
          class="c4 c5"
          styling="link"
          theme="[object Object]"
        >
          Copied
        </button>
      </div>
    </div>
  </div>
</div>
`;
