// Jest Snapshot v1, https://goo.gl/fbAQLP

exports[`<Label /> renders the component with props 1`] = `
.c0 {
  margin: 0;
  -webkit-letter-spacing: 0;
  -moz-letter-spacing: 0;
  -ms-letter-spacing: 0;
  letter-spacing: 0;
  color: #0D0A38;
  line-height: 1.6;
  font-family: "Open Sans",-apple-system,BlinkMacSystemFont,"Segoe UI",Roboto,Helvetica,Arial,sans-serif,"Apple Color Emoji","Segoe UI Emoji","Segoe UI Symbol";
  font-weight: 600;
  font-size: 16px;
}

.c1 {
  display: block;
}

<label
  class="c0 c1"
  color="#0D0A38"
  for="username"
>
  Username:
</label>
`;
