// Jest Snapshot v1, https://goo.gl/fbAQLP

exports[`<TabContainer /> renders the component with no a11y violations 1`] = `
.c5 {
  display: none;
}

.c5[id="pineapple-content"] {
  display: block;
}

.c1 {
  position: relative;
  width: 100%;
  min-height: 1px;
  padding-right: px;
  padding-left: px;
  -webkit-align-self: auto;
  -ms-flex-item-align: auto;
  align-self: auto;
}

.c2 {
  outline: 0;
  cursor: pointer;
  -webkit-align-items: center;
  -webkit-box-align: center;
  -ms-flex-align: center;
  align-items: center;
  display: -webkit-inline-box;
  display: -webkit-inline-flex;
  display: -ms-inline-flexbox;
  display: inline-flex;
  -webkit-text-decoration: none;
  text-decoration: none;
  box-sizing: border-box;
  -webkit-box-pack: center;
  -webkit-justify-content: center;
  -ms-flex-pack: center;
  justify-content: center;
  padding: 12px 24px;
  background: transparent;
  border-radius: 8px;
  border: 1px solid transparent;
  font-family: "Open Sans",Roboto,Helvetica,Arial,sans-serif;
  color: #21247F;
  font-size: 16px;
  font-weight: 600;
  line-height: 24px;
  -webkit-letter-spacing: 0;
  -moz-letter-spacing: 0;
  -ms-letter-spacing: 0;
  letter-spacing: 0;
}

.c2:focus:not(:active) {
  border: 1px solid #FFFFFF;
  box-shadow: 0 0 4px #3B46C4;
}

.c2:active {
  opacity: 0.8;
  box-shadow: unset;
  border: 1px solid transparent;
}

.c2:hover {
  background: #EAEBFA;
}

.c3 {
  box-shadow: inset 0 12px #F7F7F7,inset 0 -12px #F7F7F7,inset 1px 0 #D4D7D9;
  -webkit-box-flex: 1;
  -webkit-flex-grow: 1;
  -ms-flex-positive: 1;
  flex-grow: 1;
  width: 100%;
  background: #FFFFFF;
  box-shadow: none;
}

.c3:first-child {
  box-shadow: none;
}

.c3:hover,
.c3:focus {
  box-shadow: none;
}

.c3:hover + button,
.c3:focus + button {
  box-shadow: none;
}

.c3 + button {
  box-shadow: none;
}

.c4 {
  box-shadow: inset 0 12px #F7F7F7,inset 0 -12px #F7F7F7,inset 1px 0 #D4D7D9;
  -webkit-box-flex: 1;
  -webkit-flex-grow: 1;
  -ms-flex-positive: 1;
  flex-grow: 1;
  width: 100%;
}

.c4:first-child {
  box-shadow: none;
}

.c4:hover,
.c4:focus {
  box-shadow: none;
}

.c4:hover + button,
.c4:focus + button {
  box-shadow: none;
}

.c0 {
  background: #F7F7F7;
  display: -webkit-box;
  display: -webkit-flex;
  display: -ms-flexbox;
  display: flex;
  -webkit-box-pack: space-evenly;
  -webkit-justify-content: space-evenly;
  -ms-flex-pack: space-evenly;
  justify-content: space-evenly;
}

@media (min-width:768px) {
  .c1 {
    display: block;
    -webkit-flex-basis: 0;
    -ms-flex-preferred-size: 0;
    flex-basis: 0;
    -webkit-box-flex: 1;
    -webkit-flex-grow: 1;
    -ms-flex-positive: 1;
    flex-grow: 1;
    max-width: 100%;
  }
}

<div>
  <div
    class="c0 p-2"
  >
    <div
      class="c1"
    >
      <button
        aria-controls="pineapple-content"
        aria-expanded="true"
        class="c2 c3"
        id="pineapple"
        styling="link"
        theme="[object Object]"
      >
        üçç Pineapple
      </button>
    </div>
    <div
      class="c1"
    >
      <button
        aria-controls="kiwi-content"
        aria-expanded="false"
        class="c2 c4"
        id="kiwi"
        styling="link"
        theme="[object Object]"
      >
        ü•ù Kiwi
      </button>
    </div>
    <div
      class="c1"
    >
      <button
        aria-controls="watermelon-content"
        aria-expanded="false"
        class="c2 c4"
        id="watermelon"
        styling="link"
        theme="[object Object]"
      >
        üçâ Watermelon
      </button>
    </div>
  </div>
  <div
    aria-hidden="false"
    aria-labelledby="pineapple"
    class="c5"
    id="pineapple-content"
    role="region"
  >
    üçç
  </div>
  <div
    aria-hidden="true"
    aria-labelledby="kiwi"
    class="c5"
    id="kiwi-content"
    role="region"
  >
    ü•ù
  </div>
  <div
    aria-hidden="true"
    aria-labelledby="watermelon"
    class="c5"
    id="watermelon-content"
    role="region"
  >
    üçâ
  </div>
</div>
`;
