// Jest Snapshot v1, https://goo.gl/fbAQLP

exports[`<Card.Image /> renders the component with no a11y violations 1`] = `
.c2 {
  position: relative;
}

.c2 > a,
.c2 > button,
.c2 > div {
  position: absolute;
  top: 0;
  bottom: 0;
  left: 0;
  right: 0;
}

.c3 {
  height: 100%;
  width: 100%;
  background-image: url();
  background-size: cover;
  background-repeat: no-repeat;
  background-position: center;
}

.c0 {
  height: 100%;
  width: 100%;
  display: -webkit-box;
  display: -webkit-flex;
  display: -ms-flexbox;
  display: flex;
  overflow: hidden;
  background-color: #FFFFFF;
  border: 1px solid #EFEFEF;
  border-radius: 12px;
  box-shadow: 0 1px 0 0 #D4D7D9;
  -webkit-flex-direction: column;
  -ms-flex-direction: column;
  flex-direction: column;
}

.c0 > .c1 {
  -webkit-flex: 0 1 200px;
  -ms-flex: 0 1 200px;
  flex: 0 1 200px;
}

.c0 .zrc__card-heading {
  font-size: 16px;
}

<div
  class="c0"
>
  <div
    class="c1 c2"
  >
    <div
      class="c3"
    />
  </div>
</div>
`;
