// Jest Snapshot v1, https://goo.gl/fbAQLP

exports[`<FlexCol /> renders a FlexCol component 1`] = `
.c0 {
  position: relative;
  width: 100%;
  min-height: 1px;
  padding-right: px;
  padding-left: px;
  -webkit-align-self: auto;
  -ms-flex-item-align: auto;
  align-self: auto;
}

<div
  class="c0"
/>
`;
