// Jest Snapshot v1, https://goo.gl/fbAQLP

exports[`<ProductTemplateCard /> renders with all the props 1`] = `
.c0 {
  height: 100%;
  width: 100%;
  display: -webkit-box;
  display: -webkit-flex;
  display: -ms-flexbox;
  display: flex;
  overflow: hidden;
  background-color: #FFFFFF;
  border: 1px solid #EFEFEF;
  border-radius: 12px;
  box-shadow: 0 1px 0 0 #D4D7D9;
  -webkit-flex-direction: column;
  -ms-flex-direction: column;
  flex-direction: column;
}

.c0 > .c2 {
  -webkit-flex: 0 1 200px;
  -ms-flex: 0 1 200px;
  flex: 0 1 200px;
}

.c0 .zrc__card-heading {
  font-size: 16px;
}

@media (max-width:768px) {
  .c1 {
    border-radius: 0;
    box-shadow: 0 0 1px 0 #D4D7D9;
    border: none;
    border-bottom: 1px solid #EFEFEF;
  }
}

<div>
  <div
    class="c0 c1 px-4 py-6 m:p-8"
  >
    All the children
  </div>
</div>
`;
