// Jest Snapshot v1, https://goo.gl/fbAQLP

exports[`<FlexContainer /> renders FlexContainer 1`] = `
.c0 {
  width: 100%;
  max-width: 100%;
  padding-right: 12px;
  padding-left: 12px;
  margin-left: auto;
  margin-right: auto;
}

@media (min-width:576px) {
  .c0 {
    max-width: 540px;
  }
}

@media (min-width:768px) {
  .c0 {
    max-width: 720px;
  }
}

@media (min-width:992px) {
  .c0 {
    max-width: 960px;
  }
}

@media (min-width:1200px) {
  .c0 {
    max-width: 1224px;
  }
}

<div
  class="c0"
/>
`;
