// Jest Snapshot v1, https://goo.gl/fbAQLP

exports[`allows to set global generic styles  1`] = `undefined`;
