// Jest Snapshot v1, https://goo.gl/fbAQLP

exports[`<HiddenText /> renders the component with no a11y violations 1`] = `
.c0 {
  -webkit-clip: rect(0 0 0 0);
  clip: rect(0 0 0 0);
  -webkit-clip-path: inset(50%);
  clip-path: inset(50%);
  height: 1px;
  overflow: hidden;
  position: absolute;
  white-space: nowrap;
  width: 1px;
}

<span
  class="c0"
>
  Hidden text test
</span>
`;
